
 Start  Stop   Length Name               Class

 00000H 010D5H 010D6H _DATA              DATA
 010D6H 01BF0H 00B1BH _BSS               BSS
 01BF1H 02DD8H 011E8H _TEXT              CODE
 02DE0H 02FDFH 00200H _STACK             STACK

  Address         Publics by Name

 01BF:007D2       _ATOI
 01BF:001DE       _CLRINPUT
 01BF:0019F       _CLRSCR
 01BF:001C3       _CLRSTATUS
 01BF:00AE3       _CREATE_TASK
 01BF:008D3       _DEBUG_DUMP
 01BF:00DB5       _DO_TIMER
 01BF:00A68       _DUMMY_EXC
 01BF:0081E       _DUMP
 01BF:00869       _DUMP_MEM
 01BF:00839       _DUMP_STACK
 01BF:009F6       _EXC_0
 01BF:00A0B       _EXC_0AH
 01BF:00A1D       _EXC_0BH
 01BF:00A2F       _EXC_0CH
 01BF:00A41       _EXC_0DH
 01BF:00A56       _EXC_0EH
 01BF:00D35       _EXIT
 0000:010F2       _EXIT_ADDR
 01BF:00AD4       _EXIT_SERV
 01BF:00F54       _FIB
 01BF:0063D       _FREE_SELECTOR
 0000:00000       _GDT
 01BF:00519       _GDT_ADD_DESCRIPTOR
 01BF:004B2       _GDT_ADD_GATE
 01BF:003AA       _GETS
 01BF:00378       _GETSC
 01BF:00780       _HALT_CPU
 01BF:00794       _HTOA
 0000:00200       _IDT
 01BF:00177       _INIT_CONSOLE
 01BF:00EBC       _INIT_KERNEL_TASK
 01BF:00FB5       _KERNEL
 0000:010D6       _KEYBBUF
 01BF:00C3A       _KILL_TASK
 01BF:005A6       _LDT_ADD_DESCRIPTOR
 01BF:00AAF       _MASTER
 01BF:00902       _MEMCPY
 01BF:00929       _MEMSET
 0000:00AA4       _MUTEX
 01BF:00A7D       _NEW_08H
 01BF:00A8C       _NEW_09H
 01BF:009A1       _PARSE_COMMAND
 0000:00A28       _POS_X
 0000:00A2A       _POS_Y
 01BF:00E50       _PROCESS_LIST
 01BF:00260       _PUTS
 01BF:00230       _PUTSTATUS
 0000:010EE       _PUTS_ADDR
 01BF:00AC5       _PUTS_SERV
 0000:00A24       _REAL_DATA
 0000:00A26       _REAL_TEXT
 01BF:00CFA       _RESUME_TASK
 0000:00A2C       _SC2CHAR
 01BF:001F9       _SCR_UP
 01BF:0073D       _SETUP_API
 01BF:00661       _SETUP_IDT
 01BF:00472       _SET_INTERRUPT_HANDLER
 01BF:00AB7       _SLAVE
 01BF:00350       _STORE_KEY
 01BF:00971       _STRCMP
 01BF:00CA7       _SUSPEND_TASK
 01BF:00E1A       _SWITCH_TO
 0000:010FE       _TASKS
 01BF:00ECD       _THREAD1
 01BF:00EFA       _THREAD2
 01BF:00F27       _THREAD3
 0000:00CAC       _THREADS
 0000:010EA       _VIDEOBUF
 01BF:0094B       _WMEMSET

  Address         Publics by Value

 0000:010FE       _TASKS
 0000:010F2       _EXIT_ADDR
 0000:010EE       _PUTS_ADDR
 0000:010EA       _VIDEOBUF
 0000:010D6       _KEYBBUF
 0000:00CAC       _THREADS
 0000:00AA4       _MUTEX
 0000:00A2C       _SC2CHAR
 0000:00A2A       _POS_Y
 0000:00A28       _POS_X
 0000:00A26       _REAL_TEXT
 0000:00A24       _REAL_DATA
 0000:00200       _IDT
 0000:00000       _GDT
 01BF:00FB5       _KERNEL
 01BF:00F54       _FIB
 01BF:00F27       _THREAD3
 01BF:00EFA       _THREAD2
 01BF:00ECD       _THREAD1
 01BF:00EBC       _INIT_KERNEL_TASK
 01BF:00E50       _PROCESS_LIST
 01BF:00E1A       _SWITCH_TO
 01BF:00DB5       _DO_TIMER
 01BF:00D35       _EXIT
 01BF:00CFA       _RESUME_TASK
 01BF:00CA7       _SUSPEND_TASK
 01BF:00C3A       _KILL_TASK
 01BF:00AE3       _CREATE_TASK
 01BF:00AD4       _EXIT_SERV
 01BF:00AC5       _PUTS_SERV
 01BF:00AB7       _SLAVE
 01BF:00AAF       _MASTER
 01BF:00A8C       _NEW_09H
 01BF:00A7D       _NEW_08H
 01BF:00A68       _DUMMY_EXC
 01BF:00A56       _EXC_0EH
 01BF:00A41       _EXC_0DH
 01BF:00A2F       _EXC_0CH
 01BF:00A1D       _EXC_0BH
 01BF:00A0B       _EXC_0AH
 01BF:009F6       _EXC_0
 01BF:009A1       _PARSE_COMMAND
 01BF:00971       _STRCMP
 01BF:0094B       _WMEMSET
 01BF:00929       _MEMSET
 01BF:00902       _MEMCPY
 01BF:008D3       _DEBUG_DUMP
 01BF:00869       _DUMP_MEM
 01BF:00839       _DUMP_STACK
 01BF:0081E       _DUMP
 01BF:007D2       _ATOI
 01BF:00794       _HTOA
 01BF:00780       _HALT_CPU
 01BF:0073D       _SETUP_API
 01BF:00661       _SETUP_IDT
 01BF:0063D       _FREE_SELECTOR
 01BF:005A6       _LDT_ADD_DESCRIPTOR
 01BF:00519       _GDT_ADD_DESCRIPTOR
 01BF:004B2       _GDT_ADD_GATE
 01BF:00472       _SET_INTERRUPT_HANDLER
 01BF:003AA       _GETS
 01BF:00378       _GETSC
 01BF:00350       _STORE_KEY
 01BF:00260       _PUTS
 01BF:00230       _PUTSTATUS
 01BF:001F9       _SCR_UP
 01BF:001DE       _CLRINPUT
 01BF:001C3       _CLRSTATUS
 01BF:0019F       _CLRSCR
 01BF:00177       _INIT_CONSOLE

Program entry point at 01BF:0001

